// Jest Snapshot v1, https://goo.gl/fbAQLP

exports[`renders app component 1`] = `
<DocumentFragment>
  <div
    class="sc-bczRLJ fjLCoJ"
  >
    <header
      class="sc-breuTD iULwWD"
    >
      <h4
        class="sc-dkzDqf jzkBGN"
        role="heading"
      >
        Welcome to Weather App!
      </h4>
    </header>
    <nav
      class="sc-ksZaOG biTzKL"
    >
      <input
        class="sc-papXJ gZeQNr"
        name="location"
        placeholder="Search for location.."
        role="searchbox"
        type="search"
        value=""
      />
    </nav>
    <p
      class="sc-gsnTZi jlULjA"
      role="alert"
    >
      Geolocation is not supported by your browser!
    </p>
  </div>
</DocumentFragment>
`;
