// Jest Snapshot v1, https://goo.gl/fbAQLP

exports[`renders app component 1`] = `
<DocumentFragment>
  <div
    class="sc-bczRLJ fjLCoJ"
  >
    <header
      class="sc-idiyUo oDHss"
    >
      <h4
        class="sc-iBkjds dXoUni"
        role="heading"
      >
        Welcome to Weather App!
      </h4>
    </header>
    <div
      class="sc-gsnTZi JOiGb"
    >
      <input
        aria-controls="locations-listbox"
        aria-expanded="false"
        aria-label="Searchbox for searching locations"
        class="sc-dkzDqf kQOVSO"
        placeholder="Enter the name of the location here.."
        role="combobox"
        type="search"
        value=""
      />
      <div
        class="sc-hKMtZM dtmaCZ"
      />
    </div>
    <div
      class="sc-bjUoiL fBGpkI"
    >
      <p
        class="sc-gKXOVf gDJYYG"
        role="alert"
      >
        Geolocation is not supported by your browser!
      </p>
    </div>
  </div>
</DocumentFragment>
`;
